Copyright 1986-2017 Xilinx, Inc. All Rights Reserved.
--------------------------------------------------------------------------------------------------------------------------------------------------------------------
| Tool Version : Vivado v.2017.4 (win64) Build 2086221 Fri Dec 15 20:55:39 MST 2017
| Date         : Tue Jun 16 21:17:11 2026
| Host         : DESKTOP-T6RV42S running 64-bit major release  (build 9200)
| Command      : report_methodology -file plcomp_top_methodology_drc_routed.rpt -pb plcomp_top_methodology_drc_routed.pb -rpx plcomp_top_methodology_drc_routed.rpx
| Design       : plcomp_top
| Device       : xc7a100tcsg324-1
| Speed File   : -1
| Design State : Routed
--------------------------------------------------------------------------------------------------------------------------------------------------------------------

Report Methodology

Table of Contents
-----------------
1. REPORT SUMMARY
2. REPORT DETAILS

1. REPORT SUMMARY
-----------------
            Netlist: netlist
          Floorplan: design_1
      Design limits: <entire design considered>
             Max violations: <unlimited>
             Violations found: 81
+-----------+----------+-------------------------------+------------+
| Rule      | Severity | Description                   | Violations |
+-----------+----------+-------------------------------+------------+
| TIMING-18 | Warning  | Missing input or output delay | 17         |
| TIMING-20 | Warning  | Non-clocked latch             | 64         |
+-----------+----------+-------------------------------+------------+

2. REPORT DETAILS
-----------------
TIMING-18#1 Warning
Missing input or output delay  
An input delay is missing on RESET_N relative to clock(s) sys_clk_pin
Related violations: <none>

TIMING-18#2 Warning
Missing input or output delay  
An output delay is missing on disp_an[0] relative to clock(s) sys_clk_pin
Related violations: <none>

TIMING-18#3 Warning
Missing input or output delay  
An output delay is missing on disp_an[1] relative to clock(s) sys_clk_pin
Related violations: <none>

TIMING-18#4 Warning
Missing input or output delay  
An output delay is missing on disp_an[2] relative to clock(s) sys_clk_pin
Related violations: <none>

TIMING-18#5 Warning
Missing input or output delay  
An output delay is missing on disp_an[3] relative to clock(s) sys_clk_pin
Related violations: <none>

TIMING-18#6 Warning
Missing input or output delay  
An output delay is missing on disp_an[4] relative to clock(s) sys_clk_pin
Related violations: <none>

TIMING-18#7 Warning
Missing input or output delay  
An output delay is missing on disp_an[5] relative to clock(s) sys_clk_pin
Related violations: <none>

TIMING-18#8 Warning
Missing input or output delay  
An output delay is missing on disp_an[6] relative to clock(s) sys_clk_pin
Related violations: <none>

TIMING-18#9 Warning
Missing input or output delay  
An output delay is missing on disp_an[7] relative to clock(s) sys_clk_pin
Related violations: <none>

TIMING-18#10 Warning
Missing input or output delay  
An output delay is missing on disp_seg[0] relative to clock(s) sys_clk_pin
Related violations: <none>

TIMING-18#11 Warning
Missing input or output delay  
An output delay is missing on disp_seg[1] relative to clock(s) sys_clk_pin
Related violations: <none>

TIMING-18#12 Warning
Missing input or output delay  
An output delay is missing on disp_seg[2] relative to clock(s) sys_clk_pin
Related violations: <none>

TIMING-18#13 Warning
Missing input or output delay  
An output delay is missing on disp_seg[3] relative to clock(s) sys_clk_pin
Related violations: <none>

TIMING-18#14 Warning
Missing input or output delay  
An output delay is missing on disp_seg[4] relative to clock(s) sys_clk_pin
Related violations: <none>

TIMING-18#15 Warning
Missing input or output delay  
An output delay is missing on disp_seg[5] relative to clock(s) sys_clk_pin
Related violations: <none>

TIMING-18#16 Warning
Missing input or output delay  
An output delay is missing on disp_seg[6] relative to clock(s) sys_clk_pin
Related violations: <none>

TIMING-18#17 Warning
Missing input or output delay  
An output delay is missing on disp_seg[7] relative to clock(s) sys_clk_pin
Related violations: <none>

TIMING-20#1 Warning
Non-clocked latch  
The latch U_DM/dout_reg[0] cannot be properly analyzed as its control pin U_DM/dout_reg[0]/G is not reached by a timing clock
Related violations: <none>

TIMING-20#2 Warning
Non-clocked latch  
The latch U_DM/dout_reg[10] cannot be properly analyzed as its control pin U_DM/dout_reg[10]/G is not reached by a timing clock
Related violations: <none>

TIMING-20#3 Warning
Non-clocked latch  
The latch U_DM/dout_reg[11] cannot be properly analyzed as its control pin U_DM/dout_reg[11]/G is not reached by a timing clock
Related violations: <none>

TIMING-20#4 Warning
Non-clocked latch  
The latch U_DM/dout_reg[12] cannot be properly analyzed as its control pin U_DM/dout_reg[12]/G is not reached by a timing clock
Related violations: <none>

TIMING-20#5 Warning
Non-clocked latch  
The latch U_DM/dout_reg[13] cannot be properly analyzed as its control pin U_DM/dout_reg[13]/G is not reached by a timing clock
Related violations: <none>

TIMING-20#6 Warning
Non-clocked latch  
The latch U_DM/dout_reg[14] cannot be properly analyzed as its control pin U_DM/dout_reg[14]/G is not reached by a timing clock
Related violations: <none>

TIMING-20#7 Warning
Non-clocked latch  
The latch U_DM/dout_reg[15] cannot be properly analyzed as its control pin U_DM/dout_reg[15]/G is not reached by a timing clock
Related violations: <none>

TIMING-20#8 Warning
Non-clocked latch  
The latch U_DM/dout_reg[16] cannot be properly analyzed as its control pin U_DM/dout_reg[16]/G is not reached by a timing clock
Related violations: <none>

TIMING-20#9 Warning
Non-clocked latch  
The latch U_DM/dout_reg[17] cannot be properly analyzed as its control pin U_DM/dout_reg[17]/G is not reached by a timing clock
Related violations: <none>

TIMING-20#10 Warning
Non-clocked latch  
The latch U_DM/dout_reg[18] cannot be properly analyzed as its control pin U_DM/dout_reg[18]/G is not reached by a timing clock
Related violations: <none>

TIMING-20#11 Warning
Non-clocked latch  
The latch U_DM/dout_reg[19] cannot be properly analyzed as its control pin U_DM/dout_reg[19]/G is not reached by a timing clock
Related violations: <none>

TIMING-20#12 Warning
Non-clocked latch  
The latch U_DM/dout_reg[1] cannot be properly analyzed as its control pin U_DM/dout_reg[1]/G is not reached by a timing clock
Related violations: <none>

TIMING-20#13 Warning
Non-clocked latch  
The latch U_DM/dout_reg[20] cannot be properly analyzed as its control pin U_DM/dout_reg[20]/G is not reached by a timing clock
Related violations: <none>

TIMING-20#14 Warning
Non-clocked latch  
The latch U_DM/dout_reg[21] cannot be properly analyzed as its control pin U_DM/dout_reg[21]/G is not reached by a timing clock
Related violations: <none>

TIMING-20#15 Warning
Non-clocked latch  
The latch U_DM/dout_reg[22] cannot be properly analyzed as its control pin U_DM/dout_reg[22]/G is not reached by a timing clock
Related violations: <none>

TIMING-20#16 Warning
Non-clocked latch  
The latch U_DM/dout_reg[23] cannot be properly analyzed as its control pin U_DM/dout_reg[23]/G is not reached by a timing clock
Related violations: <none>

TIMING-20#17 Warning
Non-clocked latch  
The latch U_DM/dout_reg[24] cannot be properly analyzed as its control pin U_DM/dout_reg[24]/G is not reached by a timing clock
Related violations: <none>

TIMING-20#18 Warning
Non-clocked latch  
The latch U_DM/dout_reg[25] cannot be properly analyzed as its control pin U_DM/dout_reg[25]/G is not reached by a timing clock
Related violations: <none>

TIMING-20#19 Warning
Non-clocked latch  
The latch U_DM/dout_reg[26] cannot be properly analyzed as its control pin U_DM/dout_reg[26]/G is not reached by a timing clock
Related violations: <none>

TIMING-20#20 Warning
Non-clocked latch  
The latch U_DM/dout_reg[27] cannot be properly analyzed as its control pin U_DM/dout_reg[27]/G is not reached by a timing clock
Related violations: <none>

TIMING-20#21 Warning
Non-clocked latch  
The latch U_DM/dout_reg[28] cannot be properly analyzed as its control pin U_DM/dout_reg[28]/G is not reached by a timing clock
Related violations: <none>

TIMING-20#22 Warning
Non-clocked latch  
The latch U_DM/dout_reg[29] cannot be properly analyzed as its control pin U_DM/dout_reg[29]/G is not reached by a timing clock
Related violations: <none>

TIMING-20#23 Warning
Non-clocked latch  
The latch U_DM/dout_reg[2] cannot be properly analyzed as its control pin U_DM/dout_reg[2]/G is not reached by a timing clock
Related violations: <none>

TIMING-20#24 Warning
Non-clocked latch  
The latch U_DM/dout_reg[30] cannot be properly analyzed as its control pin U_DM/dout_reg[30]/G is not reached by a timing clock
Related violations: <none>

TIMING-20#25 Warning
Non-clocked latch  
The latch U_DM/dout_reg[31] cannot be properly analyzed as its control pin U_DM/dout_reg[31]/G is not reached by a timing clock
Related violations: <none>

TIMING-20#26 Warning
Non-clocked latch  
The latch U_DM/dout_reg[3] cannot be properly analyzed as its control pin U_DM/dout_reg[3]/G is not reached by a timing clock
Related violations: <none>

TIMING-20#27 Warning
Non-clocked latch  
The latch U_DM/dout_reg[4] cannot be properly analyzed as its control pin U_DM/dout_reg[4]/G is not reached by a timing clock
Related violations: <none>

TIMING-20#28 Warning
Non-clocked latch  
The latch U_DM/dout_reg[5] cannot be properly analyzed as its control pin U_DM/dout_reg[5]/G is not reached by a timing clock
Related violations: <none>

TIMING-20#29 Warning
Non-clocked latch  
The latch U_DM/dout_reg[6] cannot be properly analyzed as its control pin U_DM/dout_reg[6]/G is not reached by a timing clock
Related violations: <none>

TIMING-20#30 Warning
Non-clocked latch  
The latch U_DM/dout_reg[7] cannot be properly analyzed as its control pin U_DM/dout_reg[7]/G is not reached by a timing clock
Related violations: <none>

TIMING-20#31 Warning
Non-clocked latch  
The latch U_DM/dout_reg[8] cannot be properly analyzed as its control pin U_DM/dout_reg[8]/G is not reached by a timing clock
Related violations: <none>

TIMING-20#32 Warning
Non-clocked latch  
The latch U_DM/dout_reg[9] cannot be properly analyzed as its control pin U_DM/dout_reg[9]/G is not reached by a timing clock
Related violations: <none>

TIMING-20#33 Warning
Non-clocked latch  
The latch U_PLCPU/WD_reg[0] cannot be properly analyzed as its control pin U_PLCPU/WD_reg[0]/G is not reached by a timing clock
Related violations: <none>

TIMING-20#34 Warning
Non-clocked latch  
The latch U_PLCPU/WD_reg[10] cannot be properly analyzed as its control pin U_PLCPU/WD_reg[10]/G is not reached by a timing clock
Related violations: <none>

TIMING-20#35 Warning
Non-clocked latch  
The latch U_PLCPU/WD_reg[11] cannot be properly analyzed as its control pin U_PLCPU/WD_reg[11]/G is not reached by a timing clock
Related violations: <none>

TIMING-20#36 Warning
Non-clocked latch  
The latch U_PLCPU/WD_reg[12] cannot be properly analyzed as its control pin U_PLCPU/WD_reg[12]/G is not reached by a timing clock
Related violations: <none>

TIMING-20#37 Warning
Non-clocked latch  
The latch U_PLCPU/WD_reg[13] cannot be properly analyzed as its control pin U_PLCPU/WD_reg[13]/G is not reached by a timing clock
Related violations: <none>

TIMING-20#38 Warning
Non-clocked latch  
The latch U_PLCPU/WD_reg[14] cannot be properly analyzed as its control pin U_PLCPU/WD_reg[14]/G is not reached by a timing clock
Related violations: <none>

TIMING-20#39 Warning
Non-clocked latch  
The latch U_PLCPU/WD_reg[15] cannot be properly analyzed as its control pin U_PLCPU/WD_reg[15]/G is not reached by a timing clock
Related violations: <none>

TIMING-20#40 Warning
Non-clocked latch  
The latch U_PLCPU/WD_reg[16] cannot be properly analyzed as its control pin U_PLCPU/WD_reg[16]/G is not reached by a timing clock
Related violations: <none>

TIMING-20#41 Warning
Non-clocked latch  
The latch U_PLCPU/WD_reg[17] cannot be properly analyzed as its control pin U_PLCPU/WD_reg[17]/G is not reached by a timing clock
Related violations: <none>

TIMING-20#42 Warning
Non-clocked latch  
The latch U_PLCPU/WD_reg[18] cannot be properly analyzed as its control pin U_PLCPU/WD_reg[18]/G is not reached by a timing clock
Related violations: <none>

TIMING-20#43 Warning
Non-clocked latch  
The latch U_PLCPU/WD_reg[19] cannot be properly analyzed as its control pin U_PLCPU/WD_reg[19]/G is not reached by a timing clock
Related violations: <none>

TIMING-20#44 Warning
Non-clocked latch  
The latch U_PLCPU/WD_reg[1] cannot be properly analyzed as its control pin U_PLCPU/WD_reg[1]/G is not reached by a timing clock
Related violations: <none>

TIMING-20#45 Warning
Non-clocked latch  
The latch U_PLCPU/WD_reg[20] cannot be properly analyzed as its control pin U_PLCPU/WD_reg[20]/G is not reached by a timing clock
Related violations: <none>

TIMING-20#46 Warning
Non-clocked latch  
The latch U_PLCPU/WD_reg[21] cannot be properly analyzed as its control pin U_PLCPU/WD_reg[21]/G is not reached by a timing clock
Related violations: <none>

TIMING-20#47 Warning
Non-clocked latch  
The latch U_PLCPU/WD_reg[22] cannot be properly analyzed as its control pin U_PLCPU/WD_reg[22]/G is not reached by a timing clock
Related violations: <none>

TIMING-20#48 Warning
Non-clocked latch  
The latch U_PLCPU/WD_reg[23] cannot be properly analyzed as its control pin U_PLCPU/WD_reg[23]/G is not reached by a timing clock
Related violations: <none>

TIMING-20#49 Warning
Non-clocked latch  
The latch U_PLCPU/WD_reg[24] cannot be properly analyzed as its control pin U_PLCPU/WD_reg[24]/G is not reached by a timing clock
Related violations: <none>

TIMING-20#50 Warning
Non-clocked latch  
The latch U_PLCPU/WD_reg[25] cannot be properly analyzed as its control pin U_PLCPU/WD_reg[25]/G is not reached by a timing clock
Related violations: <none>

TIMING-20#51 Warning
Non-clocked latch  
The latch U_PLCPU/WD_reg[26] cannot be properly analyzed as its control pin U_PLCPU/WD_reg[26]/G is not reached by a timing clock
Related violations: <none>

TIMING-20#52 Warning
Non-clocked latch  
The latch U_PLCPU/WD_reg[27] cannot be properly analyzed as its control pin U_PLCPU/WD_reg[27]/G is not reached by a timing clock
Related violations: <none>

TIMING-20#53 Warning
Non-clocked latch  
The latch U_PLCPU/WD_reg[28] cannot be properly analyzed as its control pin U_PLCPU/WD_reg[28]/G is not reached by a timing clock
Related violations: <none>

TIMING-20#54 Warning
Non-clocked latch  
The latch U_PLCPU/WD_reg[29] cannot be properly analyzed as its control pin U_PLCPU/WD_reg[29]/G is not reached by a timing clock
Related violations: <none>

TIMING-20#55 Warning
Non-clocked latch  
The latch U_PLCPU/WD_reg[2] cannot be properly analyzed as its control pin U_PLCPU/WD_reg[2]/G is not reached by a timing clock
Related violations: <none>

TIMING-20#56 Warning
Non-clocked latch  
The latch U_PLCPU/WD_reg[30] cannot be properly analyzed as its control pin U_PLCPU/WD_reg[30]/G is not reached by a timing clock
Related violations: <none>

TIMING-20#57 Warning
Non-clocked latch  
The latch U_PLCPU/WD_reg[31] cannot be properly analyzed as its control pin U_PLCPU/WD_reg[31]/G is not reached by a timing clock
Related violations: <none>

TIMING-20#58 Warning
Non-clocked latch  
The latch U_PLCPU/WD_reg[3] cannot be properly analyzed as its control pin U_PLCPU/WD_reg[3]/G is not reached by a timing clock
Related violations: <none>

TIMING-20#59 Warning
Non-clocked latch  
The latch U_PLCPU/WD_reg[4] cannot be properly analyzed as its control pin U_PLCPU/WD_reg[4]/G is not reached by a timing clock
Related violations: <none>

TIMING-20#60 Warning
Non-clocked latch  
The latch U_PLCPU/WD_reg[5] cannot be properly analyzed as its control pin U_PLCPU/WD_reg[5]/G is not reached by a timing clock
Related violations: <none>

TIMING-20#61 Warning
Non-clocked latch  
The latch U_PLCPU/WD_reg[6] cannot be properly analyzed as its control pin U_PLCPU/WD_reg[6]/G is not reached by a timing clock
Related violations: <none>

TIMING-20#62 Warning
Non-clocked latch  
The latch U_PLCPU/WD_reg[7] cannot be properly analyzed as its control pin U_PLCPU/WD_reg[7]/G is not reached by a timing clock
Related violations: <none>

TIMING-20#63 Warning
Non-clocked latch  
The latch U_PLCPU/WD_reg[8] cannot be properly analyzed as its control pin U_PLCPU/WD_reg[8]/G is not reached by a timing clock
Related violations: <none>

TIMING-20#64 Warning
Non-clocked latch  
The latch U_PLCPU/WD_reg[9] cannot be properly analyzed as its control pin U_PLCPU/WD_reg[9]/G is not reached by a timing clock
Related violations: <none>


