#-----------------------------------------------------------
# Vivado v2017.4 (64-bit)
# SW Build 2086221 on Fri Dec 15 20:55:39 MST 2017
# IP Build 2085800 on Fri Dec 15 22:25:07 MST 2017
# Start of session at: Thu May 21 21:20:22 2026
# Process ID: 62548
# Current directory: D:/COP/newsc/vivado/sccpu_project
# Command line: vivado.exe -gui_launcher_event rodinguilauncherevent74152 D:\COP\newsc\vivado\sccpu_project\sccpu_project.xpr
# Log file: D:/COP/newsc/vivado/sccpu_project/vivado.log
# Journal file: D:/COP/newsc/vivado/sccpu_project\vivado.jou
#-----------------------------------------------------------
start_gui
open_project D:/COP/newsc/vivado/sccpu_project/sccpu_project.xpr
Scanning sources...
Finished scanning sources
INFO: [IP_Flow 19-234] Refreshing IP repositories
INFO: [IP_Flow 19-1704] No user IP repositories specified
INFO: [IP_Flow 19-2313] Loaded Vivado IP repository 'D:/App/Xilinx/Vivado/2017.4/data/ip'.
update_compile_order -fileset sources_1
export_ip_user_files -of_objects  [get_files D:/COP/newsc/source-sc/sccomp.v] -no_script -reset -force -quiet
remove_files  D:/COP/newsc/source-sc/sccomp.v
launch_runs synth_1 -jobs 11
[Thu May 21 21:21:03 2026] Launched synth_1...
Run output will be captured here: D:/COP/newsc/vivado/sccpu_project/sccpu_project.runs/synth_1/runme.log
add_files -norecurse {D:/COP/newsc/source-sc/hex_to_7seg.v D:/COP/newsc/source-sc/scan_7seg.v}
update_compile_order -fileset sources_1
reset_run synth_1
launch_runs synth_1 -jobs 11
[Thu May 21 21:22:50 2026] Launched synth_1...
Run output will be captured here: D:/COP/newsc/vivado/sccpu_project/sccpu_project.runs/synth_1/runme.log
launch_runs impl_1 -jobs 11
[Thu May 21 21:23:45 2026] Launched impl_1...
Run output will be captured here: D:/COP/newsc/vivado/sccpu_project/sccpu_project.runs/impl_1/runme.log
launch_runs impl_1 -to_step write_bitstream -jobs 11
[Thu May 21 21:26:04 2026] Launched impl_1...
Run output will be captured here: D:/COP/newsc/vivado/sccpu_project/sccpu_project.runs/impl_1/runme.log
open_hw
connect_hw_server
INFO: [Labtools 27-2285] Connecting to hw_server url TCP:localhost:3121
INFO: [Labtools 27-2222] Launching hw_server...
INFO: [Labtools 27-2221] Launch Output:

****** Xilinx hw_server v2017.4
  **** Build date : Dec 15 2017-21:08:27
    ** Copyright 1986-2017 Xilinx, Inc. All Rights Reserved.


open_hw_target
INFO: [Labtoolstcl 44-466] Opening hw_target localhost:3121/xilinx_tcf/Digilent/210292B7D445A
set_property PROGRAM.FILE {D:/COP/newsc/vivado/sccpu_project/sccpu_project.runs/impl_1/sccomp_top.bit} [get_hw_devices xc7a100t_0]
current_hw_device [get_hw_devices xc7a100t_0]
refresh_hw_device -update_hw_probes false [lindex [get_hw_devices xc7a100t_0] 0]
INFO: [Labtools 27-1434] Device xc7a100t (JTAG device index = 0) is programmed with a design that has no supported debug core(s) in it.
WARNING: [Labtools 27-3361] The debug hub core was not detected.
Resolution: 
1. Make sure the clock connected to the debug hub (dbg_hub) core is a free running clock and is active.
2. Make sure the BSCAN_SWITCH_USER_MASK device property in Vivado Hardware Manager reflects the user scan chain setting in the design and refresh the device.  To determine the user scan chain setting in the design, open the implemented design and use 'get_property C_USER_SCAN_CHAIN [get_debug_cores dbg_hub]'.
For more details on setting the scan chain property, consult the Vivado Debug and Programming User Guide (UG908).
set_property PROBES.FILE {} [get_hw_devices xc7a100t_0]
set_property FULL_PROBES.FILE {} [get_hw_devices xc7a100t_0]
set_property PROGRAM.FILE {D:/COP/newsc/vivado/sccpu_project/sccpu_project.runs/impl_1/sccomp_top.bit} [get_hw_devices xc7a100t_0]
program_hw_devices [get_hw_devices xc7a100t_0]
INFO: [Labtools 27-3164] End of startup status: HIGH
refresh_hw_device [lindex [get_hw_devices xc7a100t_0] 0]
INFO: [Labtools 27-1434] Device xc7a100t (JTAG device index = 0) is programmed with a design that has no supported debug core(s) in it.
WARNING: [Labtools 27-3361] The debug hub core was not detected.
Resolution: 
1. Make sure the clock connected to the debug hub (dbg_hub) core is a free running clock and is active.
2. Make sure the BSCAN_SWITCH_USER_MASK device property in Vivado Hardware Manager reflects the user scan chain setting in the design and refresh the device.  To determine the user scan chain setting in the design, open the implemented design and use 'get_property C_USER_SCAN_CHAIN [get_debug_cores dbg_hub]'.
For more details on setting the scan chain property, consult the Vivado Debug and Programming User Guide (UG908).
ERROR: [Labtoolstcl 44-513] HW Target shutdown. Closing target: localhost:3121/xilinx_tcf/Digilent/210292B7D445A
INFO: [Labtoolstcl 44-466] Opening hw_target localhost:3121/xilinx_tcf/Digilent/210292ABF8CAA
INFO: [Labtools 27-1435] Device xc7a100t (JTAG device index = 0) is not programmed (DONE status = 0).
WARNING: [Labtoolstcl 44-129] No matching hw_ila_data was found.
set_property PROBES.FILE {} [get_hw_devices xc7a100t_0_1]
set_property FULL_PROBES.FILE {} [get_hw_devices xc7a100t_0_1]
set_property PROGRAM.FILE {D:/COP/newsc/vivado/sccpu_project/sccpu_project.runs/impl_1/sccomp_top.bit} [get_hw_devices xc7a100t_0_1]
program_hw_devices [get_hw_devices xc7a100t_0_1]
INFO: [Labtools 27-3164] End of startup status: HIGH
refresh_hw_device [lindex [get_hw_devices xc7a100t_0_1] 0]
INFO: [Labtools 27-1434] Device xc7a100t (JTAG device index = 0) is programmed with a design that has no supported debug core(s) in it.
WARNING: [Labtools 27-3361] The debug hub core was not detected.
Resolution: 
1. Make sure the clock connected to the debug hub (dbg_hub) core is a free running clock and is active.
2. Make sure the BSCAN_SWITCH_USER_MASK device property in Vivado Hardware Manager reflects the user scan chain setting in the design and refresh the device.  To determine the user scan chain setting in the design, open the implemented design and use 'get_property C_USER_SCAN_CHAIN [get_debug_cores dbg_hub]'.
For more details on setting the scan chain property, consult the Vivado Debug and Programming User Guide (UG908).
set_property PROBES.FILE {} [get_hw_devices xc7a100t_0_1]
set_property FULL_PROBES.FILE {} [get_hw_devices xc7a100t_0_1]
set_property PROGRAM.FILE {D:/COP/newsc/vivado/sccpu_project/sccpu_project.runs/impl_1/sccomp_top.bit} [get_hw_devices xc7a100t_0_1]
program_hw_devices [get_hw_devices xc7a100t_0_1]
INFO: [Labtools 27-3164] End of startup status: HIGH
refresh_hw_device [lindex [get_hw_devices xc7a100t_0_1] 0]
INFO: [Labtools 27-1434] Device xc7a100t (JTAG device index = 0) is programmed with a design that has no supported debug core(s) in it.
WARNING: [Labtools 27-3361] The debug hub core was not detected.
Resolution: 
1. Make sure the clock connected to the debug hub (dbg_hub) core is a free running clock and is active.
2. Make sure the BSCAN_SWITCH_USER_MASK device property in Vivado Hardware Manager reflects the user scan chain setting in the design and refresh the device.  To determine the user scan chain setting in the design, open the implemented design and use 'get_property C_USER_SCAN_CHAIN [get_debug_cores dbg_hub]'.
For more details on setting the scan chain property, consult the Vivado Debug and Programming User Guide (UG908).
reset_run synth_1
launch_runs synth_1 -jobs 11
[Thu May 21 21:34:46 2026] Launched synth_1...
Run output will be captured here: D:/COP/newsc/vivado/sccpu_project/sccpu_project.runs/synth_1/runme.log
launch_runs impl_1 -jobs 11
[Thu May 21 21:36:30 2026] Launched impl_1...
Run output will be captured here: D:/COP/newsc/vivado/sccpu_project/sccpu_project.runs/impl_1/runme.log
launch_runs impl_1 -to_step write_bitstream -jobs 11
[Thu May 21 21:37:27 2026] Launched impl_1...
Run output will be captured here: D:/COP/newsc/vivado/sccpu_project/sccpu_project.runs/impl_1/runme.log
set_property PROBES.FILE {} [get_hw_devices xc7a100t_0_1]
set_property FULL_PROBES.FILE {} [get_hw_devices xc7a100t_0_1]
set_property PROGRAM.FILE {D:/COP/newsc/vivado/sccpu_project/sccpu_project.runs/impl_1/sccomp_top.bit} [get_hw_devices xc7a100t_0_1]
program_hw_devices [get_hw_devices xc7a100t_0_1]
INFO: [Labtools 27-3164] End of startup status: HIGH
refresh_hw_device [lindex [get_hw_devices xc7a100t_0_1] 0]
INFO: [Labtools 27-1434] Device xc7a100t (JTAG device index = 0) is programmed with a design that has no supported debug core(s) in it.
WARNING: [Labtools 27-3361] The debug hub core was not detected.
Resolution: 
1. Make sure the clock connected to the debug hub (dbg_hub) core is a free running clock and is active.
2. Make sure the BSCAN_SWITCH_USER_MASK device property in Vivado Hardware Manager reflects the user scan chain setting in the design and refresh the device.  To determine the user scan chain setting in the design, open the implemented design and use 'get_property C_USER_SCAN_CHAIN [get_debug_cores dbg_hub]'.
For more details on setting the scan chain property, consult the Vivado Debug and Programming User Guide (UG908).
reset_run synth_1
launch_runs synth_1 -jobs 11
[Thu May 21 21:39:45 2026] Launched synth_1...
Run output will be captured here: D:/COP/newsc/vivado/sccpu_project/sccpu_project.runs/synth_1/runme.log
launch_runs impl_1 -jobs 11
[Thu May 21 21:40:55 2026] Launched impl_1...
Run output will be captured here: D:/COP/newsc/vivado/sccpu_project/sccpu_project.runs/impl_1/runme.log
launch_runs impl_1 -to_step write_bitstream -jobs 11
[Thu May 21 21:41:54 2026] Launched impl_1...
Run output will be captured here: D:/COP/newsc/vivado/sccpu_project/sccpu_project.runs/impl_1/runme.log
open_run impl_1
INFO: [Common 17-41] Interrupt caught. Command should exit soon.
INFO: [Netlist 29-17] Analyzing 215 Unisim elements for replacement
INFO: [Netlist 29-28] Unisim Transformation completed in 1 CPU seconds
INFO: [Project 1-479] Netlist was created with Vivado 2017.4
INFO: [Common 17-344] 'open_run' was cancelled
set_property PROBES.FILE {} [get_hw_devices xc7a100t_0_1]
set_property FULL_PROBES.FILE {} [get_hw_devices xc7a100t_0_1]
set_property PROGRAM.FILE {D:/COP/newsc/vivado/sccpu_project/sccpu_project.runs/impl_1/sccomp_top.bit} [get_hw_devices xc7a100t_0_1]
program_hw_devices [get_hw_devices xc7a100t_0_1]
INFO: [Labtools 27-3164] End of startup status: HIGH
refresh_hw_device [lindex [get_hw_devices xc7a100t_0_1] 0]
INFO: [Labtools 27-1434] Device xc7a100t (JTAG device index = 0) is programmed with a design that has no supported debug core(s) in it.
WARNING: [Labtools 27-3361] The debug hub core was not detected.
Resolution: 
1. Make sure the clock connected to the debug hub (dbg_hub) core is a free running clock and is active.
2. Make sure the BSCAN_SWITCH_USER_MASK device property in Vivado Hardware Manager reflects the user scan chain setting in the design and refresh the device.  To determine the user scan chain setting in the design, open the implemented design and use 'get_property C_USER_SCAN_CHAIN [get_debug_cores dbg_hub]'.
For more details on setting the scan chain property, consult the Vivado Debug and Programming User Guide (UG908).
reset_run synth_1
launch_runs synth_1 -jobs 11
[Thu May 21 21:44:15 2026] Launched synth_1...
Run output will be captured here: D:/COP/newsc/vivado/sccpu_project/sccpu_project.runs/synth_1/runme.log
reset_run synth_1
launch_runs synth_1 -jobs 11
[Thu May 21 21:46:00 2026] Launched synth_1...
Run output will be captured here: D:/COP/newsc/vivado/sccpu_project/sccpu_project.runs/synth_1/runme.log
launch_runs impl_1 -jobs 11
[Thu May 21 21:47:01 2026] Launched impl_1...
Run output will be captured here: D:/COP/newsc/vivado/sccpu_project/sccpu_project.runs/impl_1/runme.log
launch_runs impl_1 -to_step write_bitstream -jobs 11
[Thu May 21 21:47:55 2026] Launched impl_1...
Run output will be captured here: D:/COP/newsc/vivado/sccpu_project/sccpu_project.runs/impl_1/runme.log
open_run impl_1
INFO: [Netlist 29-17] Analyzing 215 Unisim elements for replacement
INFO: [Netlist 29-28] Unisim Transformation completed in 0 CPU seconds
INFO: [Project 1-479] Netlist was created with Vivado 2017.4
INFO: [Device 21-403] Loading part xc7a100tcsg324-1
INFO: [Project 1-570] Preparing netlist for logic optimization
Parsing XDC File [D:/COP/newsc/vivado/sccpu_project/.Xil/Vivado-62548-Mark-1417/dcp9/sccomp_top.xdc]
Finished Parsing XDC File [D:/COP/newsc/vivado/sccpu_project/.Xil/Vivado-62548-Mark-1417/dcp9/sccomp_top.xdc]
Reading XDEF placement.
Reading placer database...
Reading XDEF routing.
Read XDEF File: Time (s): cpu = 00:00:00 ; elapsed = 00:00:00.119 . Memory (MB): peak = 1821.371 ; gain = 1.945
Restored from archive | CPU: 0.000000 secs | Memory: 0.000000 MB |
Finished XDEF File Restore: Time (s): cpu = 00:00:00 ; elapsed = 00:00:00.119 . Memory (MB): peak = 1821.371 ; gain = 1.945
INFO: [Project 1-111] Unisim Transformation Summary:
  A total of 32 instances were transformed.
  RAM128X1S => RAM128X1S (MUXF7, RAMS64E, RAMS64E): 32 instances

INFO: [Common 17-41] Interrupt caught. Command should exit soon.
INFO: [Common 17-344] 'open_run' was cancelled
set_property PROBES.FILE {} [get_hw_devices xc7a100t_0_1]
set_property FULL_PROBES.FILE {} [get_hw_devices xc7a100t_0_1]
set_property PROGRAM.FILE {D:/COP/newsc/vivado/sccpu_project/sccpu_project.runs/impl_1/sccomp_top.bit} [get_hw_devices xc7a100t_0_1]
program_hw_devices [get_hw_devices xc7a100t_0_1]
INFO: [Labtools 27-3164] End of startup status: HIGH
refresh_hw_device [lindex [get_hw_devices xc7a100t_0_1] 0]
INFO: [Labtools 27-1434] Device xc7a100t (JTAG device index = 0) is programmed with a design that has no supported debug core(s) in it.
WARNING: [Labtools 27-3361] The debug hub core was not detected.
Resolution: 
1. Make sure the clock connected to the debug hub (dbg_hub) core is a free running clock and is active.
2. Make sure the BSCAN_SWITCH_USER_MASK device property in Vivado Hardware Manager reflects the user scan chain setting in the design and refresh the device.  To determine the user scan chain setting in the design, open the implemented design and use 'get_property C_USER_SCAN_CHAIN [get_debug_cores dbg_hub]'.
For more details on setting the scan chain property, consult the Vivado Debug and Programming User Guide (UG908).
ERROR: [Labtoolstcl 44-513] HW Target shutdown. Closing target: localhost:3121/xilinx_tcf/Digilent/210292ABF8CAA
exit
INFO: [Common 17-206] Exiting Vivado at Thu May 21 23:43:49 2026...
