Copyright 1986-2017 Xilinx, Inc. All Rights Reserved.
---------------------------------------------------------------------------------------
| Tool Version : Vivado v.2017.4 (win64) Build 2086221 Fri Dec 15 20:55:39 MST 2017
| Date         : Sat Jun  6 15:58:47 2026
| Host         : DESKTOP-T6RV42S running 64-bit major release  (build 9200)
| Command      : report_control_sets -verbose -file sccomp_top_control_sets_placed.rpt
| Design       : sccomp_top
| Device       : xc7a100t
---------------------------------------------------------------------------------------

Control Set Information

Table of Contents
-----------------
1. Summary
2. Flip-Flop Distribution
3. Detailed Control Set Information

1. Summary
----------

+----------------------------------------------------------+-------+
|                          Status                          | Count |
+----------------------------------------------------------+-------+
| Number of unique control sets                            |    18 |
| Unused register locations in slices containing registers |     4 |
+----------------------------------------------------------+-------+


2. Flip-Flop Distribution
-------------------------

+--------------+-----------------------+------------------------+-----------------+--------------+
| Clock Enable | Synchronous Set/Reset | Asynchronous Set/Reset | Total Registers | Total Slices |
+--------------+-----------------------+------------------------+-----------------+--------------+
| No           | No                    | No                     |               0 |            0 |
| No           | No                    | Yes                    |              52 |           23 |
| No           | Yes                   | No                     |               0 |            0 |
| Yes          | No                    | No                     |               0 |            0 |
| Yes          | No                    | Yes                    |             512 |          374 |
| Yes          | Yes                   | No                     |               0 |            0 |
+--------------+-----------------------+------------------------+-----------------+--------------+


3. Detailed Control Set Information
-----------------------------------

+---------------------+---------------------------------+--------------------+------------------+----------------+
|     Clock Signal    |          Enable Signal          |  Set/Reset Signal  | Slice Load Count | Bel Load Count |
+---------------------+---------------------------------+--------------------+------------------+----------------+
|  CLK_100M_IBUF_BUFG | U_SCCPU/U_PC/rf_reg[12][31][0]  | U_SCCPU/U_RF/AR[0] |               26 |             32 |
|  CLK_100M_IBUF_BUFG | U_SCCPU/U_PC/rf_reg[11][31][0]  | U_SCCPU/U_RF/AR[0] |               25 |             32 |
|  CLK_100M_IBUF_BUFG | U_SCCPU/U_PC/rf_reg[14][31][0]  | U_SCCPU/U_RF/AR[0] |               25 |             32 |
|  CLK_100M_IBUF_BUFG | U_SCCPU/U_PC/rf_reg[1][31]_1[0] | U_SCCPU/U_RF/AR[0] |               26 |             32 |
|  CLK_100M_IBUF_BUFG | U_SCCPU/U_PC/rf_reg[2][31][0]   | U_SCCPU/U_RF/AR[0] |               24 |             32 |
|  CLK_100M_IBUF_BUFG | U_SCCPU/U_PC/rf_reg[5][31][0]   | U_SCCPU/U_RF/AR[0] |               20 |             32 |
|  CLK_100M_IBUF_BUFG | U_SCCPU/U_PC/rf_reg[4][31][0]   | U_SCCPU/U_RF/AR[0] |               24 |             32 |
|  CLK_100M_IBUF_BUFG | U_SCCPU/U_PC/rf_reg[8][31][0]   | U_SCCPU/U_RF/AR[0] |               26 |             32 |
|  CLK_100M_IBUF_BUFG | U_SCCPU/U_PC/rf_reg[3][31][0]   | U_SCCPU/U_RF/AR[0] |               22 |             32 |
|  CLK_100M_IBUF_BUFG | U_SCCPU/U_PC/rf_reg[9][31][0]   | U_SCCPU/U_RF/AR[0] |               25 |             32 |
|  CLK_100M_IBUF_BUFG | U_SCCPU/U_PC/rf_reg[7][31][0]   | U_SCCPU/U_RF/AR[0] |               23 |             32 |
|  CLK_100M_IBUF_BUFG | U_SCCPU/U_PC/rf_reg[15][31][0]  | U_SCCPU/U_RF/AR[0] |               24 |             32 |
|  CLK_100M_IBUF_BUFG | U_SCCPU/U_PC/rf_reg[13][31][0]  | U_SCCPU/U_RF/AR[0] |               24 |             32 |
|  CLK_100M_IBUF_BUFG | U_SCCPU/U_PC/rf_reg[6][31][0]   | U_SCCPU/U_RF/AR[0] |               22 |             32 |
|  CLK_100M_IBUF_BUFG | U_SCCPU/U_PC/rf_reg[10][31][0]  | U_SCCPU/U_RF/AR[0] |               24 |             32 |
|  CLK_100M_IBUF_BUFG | U_SCCPU/U_PC/E[0]               | U_SCCPU/U_RF/AR[0] |               14 |             32 |
|  CLK_100M_IBUF_BUFG |                                 | U_SCCPU/U_RF/AR[0] |               23 |             52 |
|  CLK_100M_IBUF_BUFG | U_SCCPU/U_PC/sorted_sid_reg[0]  |                    |               16 |             64 |
+---------------------+---------------------------------+--------------------+------------------+----------------+


+--------+-----------------------+
| Fanout | Number of ControlSets |
+--------+-----------------------+
| 16+    |                    18 |
+--------+-----------------------+


